---
source: crates/panache-parser/tests/golden_parser_cases.rs
assertion_line: 97
expression: cst_output
---
DOCUMENT@0..16
  PARAGRAPH@0..16
    TEXT@0..5 "*foo "
    UNRESOLVED_REFERENCE@5..15
      LINK_START@5..6
        LINK_START@5..6 "["
      LINK_TEXT@6..14
        TEXT@6..14 "bar* baz"
      TEXT@14..15 "]"
    NEWLINE@15..16 "\n"
