---
source: crates/panache-parser/tests/golden_parser_cases.rs
expression: cst_output
---
DOCUMENT@0..219
  PIPE_TABLE@0..219
    TABLE_HEADER@0..36
      TEXT@0..1 "|"
      WHITESPACE@1..2 " "
      TABLE_CELL@2..7
        TEXT@2..7 "Right"
      WHITESPACE@7..8 " "
      TEXT@8..9 "|"
      WHITESPACE@9..10 " "
      TABLE_CELL@10..14
        TEXT@10..14 "Left"
      WHITESPACE@14..15 " "
      TEXT@15..16 "|"
      WHITESPACE@16..17 " "
      TABLE_CELL@17..24
        TEXT@17..24 "Default"
      WHITESPACE@24..25 " "
      TEXT@25..26 "|"
      WHITESPACE@26..27 " "
      TABLE_CELL@27..33
        TEXT@27..33 "Center"
      WHITESPACE@33..34 " "
      TEXT@34..35 "|"
      NEWLINE@35..36 "\n"
    TABLE_SEPARATOR@36..72
      TEXT@36..71 "|------:|:-----|----- ..."
      NEWLINE@71..72 "\n"
    TABLE_ROW@72..108
      TEXT@72..73 "|"
      WHITESPACE@73..76 "   "
      TABLE_CELL@76..78
        TEXT@76..78 "12"
      WHITESPACE@78..80 "  "
      TEXT@80..81 "|"
      WHITESPACE@81..83 "  "
      TABLE_CELL@83..85
        TEXT@83..85 "12"
      WHITESPACE@85..87 "  "
      TEXT@87..88 "|"
      WHITESPACE@88..92 "    "
      TABLE_CELL@92..94
        TEXT@92..94 "12"
      WHITESPACE@94..97 "   "
      TEXT@97..98 "|"
      WHITESPACE@98..102 "    "
      TABLE_CELL@102..104
        TEXT@102..104 "12"
      WHITESPACE@104..106 "  "
      TEXT@106..107 "|"
      NEWLINE@107..108 "\n"
    TABLE_ROW@108..144
      TEXT@108..109 "|"
      WHITESPACE@109..111 "  "
      TABLE_CELL@111..114
        TEXT@111..114 "123"
      WHITESPACE@114..116 "  "
      TEXT@116..117 "|"
      WHITESPACE@117..119 "  "
      TABLE_CELL@119..122
        TEXT@119..122 "123"
      WHITESPACE@122..123 " "
      TEXT@123..124 "|"
      WHITESPACE@124..127 "   "
      TABLE_CELL@127..130
        TEXT@127..130 "123"
      WHITESPACE@130..133 "   "
      TEXT@133..134 "|"
      WHITESPACE@134..137 "   "
      TABLE_CELL@137..140
        TEXT@137..140 "123"
      WHITESPACE@140..142 "  "
      TEXT@142..143 "|"
      NEWLINE@143..144 "\n"
    TABLE_ROW@144..180
      TEXT@144..145 "|"
      WHITESPACE@145..149 "    "
      TABLE_CELL@149..150
        TEXT@149..150 "1"
      WHITESPACE@150..152 "  "
      TEXT@152..153 "|"
      WHITESPACE@153..157 "    "
      TABLE_CELL@157..158
        TEXT@157..158 "1"
      WHITESPACE@158..159 " "
      TEXT@159..160 "|"
      WHITESPACE@160..165 "     "
      TABLE_CELL@165..166
        TEXT@165..166 "1"
      WHITESPACE@166..169 "   "
      TEXT@169..170 "|"
      WHITESPACE@170..175 "     "
      TABLE_CELL@175..176
        TEXT@175..176 "1"
      WHITESPACE@176..178 "  "
      TEXT@178..179 "|"
      NEWLINE@179..180 "\n"
    BLANK_LINE@180..181
      BLANK_LINE@180..181 "\n"
    TABLE_CAPTION@181..219
      TABLE_CAPTION_PREFIX@181..183 ": "
      TEXT@183..218 "Demonstration of pipe ..."
      NEWLINE@218..219 "\n"
