---
source: crates/panache-parser/tests/golden_parser_cases.rs
expression: cst_output
---
DOCUMENT@0..60
  HEADING@0..8
    ATX_HEADING_MARKER@0..1
      ATX_HEADING_MARKER@0..1 "#"
    WHITESPACE@1..2 " "
    HEADING_CONTENT@2..6
      TEXT@2..6 "Math"
    NEWLINE@6..8 "\r\n"
  BLANK_LINE@8..10
    BLANK_LINE@8..10 "\r\n"
  PARAGRAPH@10..25
    DISPLAY_MATH@10..23
      DISPLAY_MATH_MARKER@10..12 "$$"
      MATH_CONTENT@12..21
        MATH_NEWLINE@12..14 "\r\n"
        MATH_TEXT@14..15 "x"
        MATH_SPACE@15..16 " "
        MATH_OPERATOR@16..17 "="
        MATH_SPACE@17..18 " "
        MATH_TEXT@18..19 "y"
        MATH_NEWLINE@19..21 "\r\n"
      DISPLAY_MATH_MARKER@21..23 "$$"
    NEWLINE@23..25 "\r\n"
  BLANK_LINE@25..27
    BLANK_LINE@25..27 "\r\n"
  PARAGRAPH@27..39
    TEXT@27..37 "More text."
    NEWLINE@37..39 "\r\n"
  BLANK_LINE@39..41
    BLANK_LINE@39..41 "\r\n"
  PARAGRAPH@41..60
    DISPLAY_MATH@41..58
      DISPLAY_MATH_MARKER@41..43 "$$"
      MATH_CONTENT@43..56
        MATH_NEWLINE@43..45 "\r\n"
        MATH_TEXT@45..46 "a"
        MATH_SPACE@46..47 " "
        MATH_OPERATOR@47..48 "+"
        MATH_SPACE@48..49 " "
        MATH_TEXT@49..50 "b"
        MATH_SPACE@50..51 " "
        MATH_OPERATOR@51..52 "="
        MATH_SPACE@52..53 " "
        MATH_TEXT@53..54 "c"
        MATH_NEWLINE@54..56 "\r\n"
      DISPLAY_MATH_MARKER@56..58 "$$"
    NEWLINE@58..60 "\r\n"
