---
source: crates/panache-parser/tests/golden_parser_cases.rs
expression: cst_output
---
DOCUMENT@0..4049
  GRID_TABLE@0..4049
    TABLE_SEPARATOR@0..138
      TEXT@0..137 "+------------------+- ..."
      NEWLINE@137..138 "\n"
    TABLE_HEADER@138..552
      TEXT@138..275 "|                  |  ..."
      NEWLINE@275..276 "\n"
      TEXT@276..413 "|                  |  ..."
      NEWLINE@413..414 "\n"
      TEXT@414..551 "|                  |  ..."
      NEWLINE@551..552 "\n"
    TABLE_SEPARATOR@552..690
      TEXT@552..689 "+:=======:+:======:+= ..."
      NEWLINE@689..690 "\n"
    TABLE_ROW@690..1932
      TEXT@690..827 "| Terrestrial      |  ..."
      NEWLINE@827..828 "\n"
      TEXT@828..965 "| planets          |  ..."
      NEWLINE@965..966 "\n"
      TEXT@966..1103 "|                  +- ..."
      NEWLINE@1103..1104 "\n"
      TEXT@1104..1241 "|                  |  ..."
      NEWLINE@1241..1242 "\n"
      TEXT@1242..1379 "|                  +- ..."
      NEWLINE@1379..1380 "\n"
      TEXT@1380..1517 "|                  |  ..."
      NEWLINE@1517..1518 "\n"
      TEXT@1518..1655 "|                  +- ..."
      NEWLINE@1655..1656 "\n"
      TEXT@1656..1793 "|                  |  ..."
      NEWLINE@1793..1794 "\n"
      TEXT@1794..1931 "|                  |  ..."
      NEWLINE@1931..1932 "\n"
    TABLE_SEPARATOR@1932..2070
      TEXT@1932..2069 "+---------+--------+- ..."
      NEWLINE@2069..2070 "\n"
    TABLE_ROW@2070..3312
      TEXT@2070..2071 "|"
      WHITESPACE@2071..2072 " "
      TABLE_CELL@2072..2078
        TEXT@2072..2078 "Jovian"
      WHITESPACE@2078..2080 "  "
      TEXT@2080..2081 "|"
      WHITESPACE@2081..2082 " "
      TABLE_CELL@2082..2085
        TEXT@2082..2085 "Gas"
      WHITESPACE@2085..2089 "    "
      TEXT@2089..2090 "|"
      WHITESPACE@2090..2091 " "
      TABLE_CELL@2091..2098
        TEXT@2091..2098 "Jupiter"
      WHITESPACE@2098..2099 " "
      TEXT@2099..2100 "|"
      WHITESPACE@2100..2101 " "
      TABLE_CELL@2101..2105
        TEXT@2101..2105 "1898"
      WHITESPACE@2105..2112 "       "
      TEXT@2112..2113 "|"
      WHITESPACE@2113..2114 " "
      TABLE_CELL@2114..2121
        TEXT@2114..2121 "142,984"
      WHITESPACE@2121..2123 "  "
      TEXT@2123..2124 "|"
      WHITESPACE@2124..2125 " "
      TABLE_CELL@2125..2129
        TEXT@2125..2129 "1326"
      WHITESPACE@2129..2135 "      "
      TEXT@2135..2136 "|"
      WHITESPACE@2136..2137 " "
      TABLE_CELL@2137..2141
        TEXT@2137..2141 "23.1"
      WHITESPACE@2141..2146 "     "
      TEXT@2146..2147 "|"
      WHITESPACE@2147..2148 " "
      TABLE_CELL@2148..2151
        TEXT@2148..2151 "9.9"
      WHITESPACE@2151..2156 "     "
      TEXT@2156..2157 "|"
      WHITESPACE@2157..2158 " "
      TABLE_CELL@2158..2163
        TEXT@2158..2163 "778.6"
      WHITESPACE@2163..2168 "     "
      TEXT@2168..2169 "|"
      WHITESPACE@2169..2170 " "
      TABLE_CELL@2170..2174
        TEXT@2170..2174 "-110"
      WHITESPACE@2174..2182 "        "
      TEXT@2182..2183 "|"
      WHITESPACE@2183..2184 " "
      TABLE_CELL@2184..2186
        TEXT@2184..2186 "67"
      WHITESPACE@2186..2191 "     "
      TEXT@2191..2192 "|"
      WHITESPACE@2192..2193 " "
      TABLE_CELL@2193..2204
        TEXT@2193..2204 "The largest"
      WHITESPACE@2204..2206 "  "
      TEXT@2206..2207 "|"
      NEWLINE@2207..2208 "\n"
      TEXT@2208..2345 "| planets | giants |  ..."
      NEWLINE@2345..2346 "\n"
      TEXT@2346..2483 "|         |        +- ..."
      NEWLINE@2483..2484 "\n"
      TEXT@2484..2621 "|         |        |  ..."
      NEWLINE@2621..2622 "\n"
      TEXT@2622..2759 "|         +--------+- ..."
      NEWLINE@2759..2760 "\n"
      TEXT@2760..2897 "|         | Ice    |  ..."
      NEWLINE@2897..2898 "\n"
      TEXT@2898..3035 "|         | giants |  ..."
      NEWLINE@3035..3036 "\n"
      TEXT@3036..3173 "|         |        +- ..."
      NEWLINE@3173..3174 "\n"
      TEXT@3174..3311 "|         |        |  ..."
      NEWLINE@3311..3312 "\n"
    TABLE_SEPARATOR@3312..3450
      TEXT@3312..3449 "+---------+--------+- ..."
      NEWLINE@3449..3450 "\n"
    TABLE_ROW@3450..3864
      TEXT@3450..3451 "|"
      WHITESPACE@3451..3452 " "
      TABLE_CELL@3452..3465
        TEXT@3452..3465 "Dwarf planets"
      WHITESPACE@3465..3469 "    "
      TEXT@3469..3470 "|"
      WHITESPACE@3470..3471 " "
      TABLE_CELL@3471..3476
        TEXT@3471..3476 "Pluto"
      WHITESPACE@3476..3479 "   "
      TEXT@3479..3480 "|"
      WHITESPACE@3480..3481 " "
      TABLE_CELL@3481..3487
        TEXT@3481..3487 "0.0146"
      WHITESPACE@3487..3492 "     "
      TEXT@3492..3493 "|"
      WHITESPACE@3493..3494 " "
      TABLE_CELL@3494..3499
        TEXT@3494..3499 "2,370"
      WHITESPACE@3499..3503 "    "
      TEXT@3503..3504 "|"
      WHITESPACE@3504..3505 " "
      TABLE_CELL@3505..3509
        TEXT@3505..3509 "2095"
      WHITESPACE@3509..3515 "      "
      TEXT@3515..3516 "|"
      WHITESPACE@3516..3517 " "
      TABLE_CELL@3517..3520
        TEXT@3517..3520 "0.7"
      WHITESPACE@3520..3526 "      "
      TEXT@3526..3527 "|"
      WHITESPACE@3527..3528 " "
      TABLE_CELL@3528..3533
        TEXT@3528..3533 "153.3"
      WHITESPACE@3533..3536 "   "
      TEXT@3536..3537 "|"
      WHITESPACE@3537..3538 " "
      TABLE_CELL@3538..3544
        TEXT@3538..3544 "5906.4"
      WHITESPACE@3544..3548 "    "
      TEXT@3548..3549 "|"
      WHITESPACE@3549..3550 " "
      TABLE_CELL@3550..3554
        TEXT@3550..3554 "-225"
      WHITESPACE@3554..3562 "        "
      TEXT@3562..3563 "|"
      WHITESPACE@3563..3564 " "
      TABLE_CELL@3564..3565
        TEXT@3564..3565 "5"
      WHITESPACE@3565..3571 "      "
      TEXT@3571..3572 "|"
      WHITESPACE@3572..3573 " "
      TABLE_CELL@3573..3585
        TEXT@3573..3585 "Declassified"
      WHITESPACE@3585..3586 " "
      TEXT@3586..3587 "|"
      NEWLINE@3587..3588 "\n"
      TEXT@3588..3725 "|                  |  ..."
      NEWLINE@3725..3726 "\n"
      TEXT@3726..3863 "|                  |  ..."
      NEWLINE@3863..3864 "\n"
    TABLE_SEPARATOR@3864..4002
      TEXT@3864..4001 "+------------------+- ..."
      NEWLINE@4001..4002 "\n"
    BLANK_LINE@4002..4003
      BLANK_LINE@4002..4003 "\n"
    TABLE_CAPTION@4003..4049
      TABLE_CAPTION_PREFIX@4003..4005 ": "
      TEXT@4005..4048 "Data about the planet ..."
      NEWLINE@4048..4049 "\n"
