---
source: crates/panache-parser/tests/golden_parser_cases.rs
expression: cst_output
---
DOCUMENT@0..66
  PARAGRAPH@0..9
    TEXT@0..8 "a*\"foo\"*"
    NEWLINE@8..9 "\n"
  BLANK_LINE@9..10
    BLANK_LINE@9..10 "\n"
  PARAGRAPH@10..20
    TEXT@10..19 "*$*alpha."
    NEWLINE@19..20 "\n"
  BLANK_LINE@20..21
    BLANK_LINE@20..21 "\n"
  PARAGRAPH@21..32
    TEXT@21..31 "*foo bar *"
    NEWLINE@31..32 "\n"
  BLANK_LINE@32..33
    BLANK_LINE@32..33 "\n"
  PARAGRAPH@33..41
    TEXT@33..40 "*(*foo)"
    NEWLINE@40..41 "\n"
  BLANK_LINE@41..42
    BLANK_LINE@41..42 "\n"
  PARAGRAPH@42..55
    TEXT@42..54 "**foo bar **"
    NEWLINE@54..55 "\n"
  BLANK_LINE@55..56
    BLANK_LINE@55..56 "\n"
  PARAGRAPH@56..66
    TEXT@56..65 "**(**foo)"
    NEWLINE@65..66 "\n"
