---
source: crates/panache-parser/tests/golden_parser_cases.rs
expression: cst_output
---
DOCUMENT@0..17
  LIST@0..17
    LIST_ITEM@0..17
      LIST_MARKER@0..1 "-"
      WHITESPACE@1..2 " "
      PLAIN@2..4
        TEXT@2..3 "a"
        NEWLINE@3..4 "\n"
      BLANK_LINE@4..5
        BLANK_LINE@4..5 "\n"
      DEFINITION_LIST@5..17
        DEFINITION_ITEM@5..17
          TERM@5..9
            WHITESPACE@5..7 "  "
            TEXT@7..8 "b"
            NEWLINE@8..9 "\n"
          BLANK_LINE@9..10
            BLANK_LINE@9..10 "\n"
          DEFINITION@10..17
            WHITESPACE@10..11 "\t"
            DEFINITION_MARKER@11..12 ":"
            WHITESPACE@12..13 " "
            PLAIN@13..17
              TEXT@13..16 "def"
              NEWLINE@16..17 "\n"
