---
source: crates/panache-parser/tests/golden_parser_cases.rs
expression: cst_output
---
DOCUMENT@0..25
  PARAGRAPH@0..18
    TEXT@0..7 "[foo]: "
    INLINE_HTML@7..12
      INLINE_HTML_CONTENT@7..12 "<bar>"
    TEXT@12..17 "(baz)"
    NEWLINE@17..18 "\n"
  BLANK_LINE@18..19
    BLANK_LINE@18..19 "\n"
  PARAGRAPH@19..25
    TEXT@19..24 "[foo]"
    NEWLINE@24..25 "\n"
