---
source: crates/panache-parser/tests/golden_parser_cases.rs
expression: cst_output
---
DOCUMENT@0..18
  REFERENCE_DEFINITION@0..14
    TEXT@0..1 "["
    NEWLINE@1..2 "\n"
    TEXT@2..5 "foo"
    NEWLINE@5..6 "\n"
    TEXT@6..13 "]: /url"
    NEWLINE@13..14 "\n"
  PARAGRAPH@14..18
    TEXT@14..17 "bar"
    NEWLINE@17..18 "\n"
