---
source: crates/panache-parser/tests/golden_parser_cases.rs
expression: cst_output
---
DOCUMENT@0..106
  PARAGRAPH@0..67
    TEXT@0..66 "The following is a pa ..."
    NEWLINE@66..67 "\n"
  BLANK_LINE@67..68
    BLANK_LINE@67..68 "\n"
  PARAGRAPH@68..106
    DISPLAY_MATH@68..82
      DISPLAY_MATH_MARKER@68..70 "$$"
      MATH_CONTENT@70..80
        MATH_NEWLINE@70..71 "\n"
        MATH_WORD@71..72 "E"
        MATH_SPACE@72..73 " "
        MATH_WORD@73..74 "="
        MATH_SPACE@74..75 " "
        MATH_WORD@75..76 "m"
        MATH_SCRIPTED@76..79
          MATH_WORD@76..77 "c"
          MATH_SUPERSCRIPT@77..79
            MATH_CARET@77..78 "^"
            MATH_WORD@78..79 "2"
        MATH_NEWLINE@79..80 "\n"
      DISPLAY_MATH_MARKER@80..82 "$$"
    TEXT@82..105 " some text coming here."
    NEWLINE@105..106 "\n"
