---
source: crates/panache-parser/tests/golden_parser_cases.rs
expression: cst_output
---
DOCUMENT@0..398
  HEADING@0..22
    ATX_HEADING_MARKER@0..1
      ATX_HEADING_MARKER@0..1 "#"
    WHITESPACE@1..2 " "
    HEADING_CONTENT@2..21
      TEXT@2..21 "RMarkdown Math Test"
    NEWLINE@21..22 "\n"
  BLANK_LINE@22..23
    BLANK_LINE@22..23 "\n"
  PARAGRAPH@23..80
    TEXT@23..79 "RMarkdown uses backsl ..."
    NEWLINE@79..80 "\n"
  BLANK_LINE@80..81
    BLANK_LINE@80..81 "\n"
  PARAGRAPH@81..150
    TEXT@81..121 "Inline math with back ..."
    INLINE_MATH@121..140
      INLINE_MATH_MARKER@121..123 "\\("
      MATH_CONTENT@123..138
        MATH_SCRIPTED@123..126
          MATH_WORD@123..124 "x"
          MATH_SUPERSCRIPT@124..126
            MATH_CARET@124..125 "^"
            MATH_WORD@125..126 "2"
        MATH_SPACE@126..127 " "
        MATH_WORD@127..128 "+"
        MATH_SPACE@128..129 " "
        MATH_SCRIPTED@129..132
          MATH_WORD@129..130 "y"
          MATH_SUPERSCRIPT@130..132
            MATH_CARET@130..131 "^"
            MATH_WORD@131..132 "2"
        MATH_SPACE@132..133 " "
        MATH_WORD@133..134 "="
        MATH_SPACE@134..135 " "
        MATH_SCRIPTED@135..138
          MATH_WORD@135..136 "z"
          MATH_SUPERSCRIPT@136..138
            MATH_CARET@136..137 "^"
            MATH_WORD@137..138 "2"
      INLINE_MATH_MARKER@138..140 "\\)"
    TEXT@140..149 " in text."
    NEWLINE@149..150 "\n"
  BLANK_LINE@150..151
    BLANK_LINE@150..151 "\n"
  PARAGRAPH@151..189
    TEXT@151..188 "Display math with bac ..."
    NEWLINE@188..189 "\n"
  BLANK_LINE@189..190
    BLANK_LINE@189..190 "\n"
  PARAGRAPH@190..245
    DISPLAY_MATH@190..244
      DISPLAY_MATH_MARKER@190..192 "\\["
      MATH_CONTENT@192..242
        MATH_NEWLINE@192..193 "\n"
        MATH_SCRIPTED@193..206
          MATH_COMMAND@193..197
            MATH_CONTROL_WORD@193..197 "\\int"
          MATH_SUBSCRIPT@197..199
            MATH_UNDERSCORE@197..198 "_"
            MATH_WORD@198..199 "0"
          MATH_SUPERSCRIPT@199..206
            MATH_CARET@199..200 "^"
            MATH_COMMAND@200..206
              MATH_CONTROL_WORD@200..206 "\\infty"
        MATH_SPACE@206..207 " "
        MATH_SCRIPTED@207..215
          MATH_WORD@207..208 "e"
          MATH_SUPERSCRIPT@208..215
            MATH_CARET@208..209 "^"
            MATH_GROUP@209..215
              MATH_GROUP_OPEN@209..210 "{"
              MATH_WORD@210..211 "-"
              MATH_SCRIPTED@211..214
                MATH_WORD@211..212 "x"
                MATH_SUPERSCRIPT@212..214
                  MATH_CARET@212..213 "^"
                  MATH_WORD@213..214 "2"
              MATH_GROUP_CLOSE@214..215 "}"
        MATH_SPACE@215..216 " "
        MATH_WORD@216..218 "dx"
        MATH_SPACE@218..219 " "
        MATH_WORD@219..220 "="
        MATH_SPACE@220..221 " "
        MATH_COMMAND@221..241
          MATH_CONTROL_WORD@221..226 "\\frac"
          MATH_GROUP@226..238
            MATH_GROUP_OPEN@226..227 "{"
            MATH_COMMAND@227..237
              MATH_CONTROL_WORD@227..232 "\\sqrt"
              MATH_GROUP@232..237
                MATH_GROUP_OPEN@232..233 "{"
                MATH_COMMAND@233..236
                  MATH_CONTROL_WORD@233..236 "\\pi"
                MATH_GROUP_CLOSE@236..237 "}"
            MATH_GROUP_CLOSE@237..238 "}"
          MATH_GROUP@238..241
            MATH_GROUP_OPEN@238..239 "{"
            MATH_WORD@239..240 "2"
            MATH_GROUP_CLOSE@240..241 "}"
        MATH_NEWLINE@241..242 "\n"
      DISPLAY_MATH_MARKER@242..244 "\\]"
    NEWLINE@244..245 "\n"
  BLANK_LINE@245..246
    BLANK_LINE@245..246 "\n"
  PARAGRAPH@246..330
    TEXT@246..264 "More inline math: "
    INLINE_MATH@264..291
      INLINE_MATH_MARKER@264..266 "\\("
      MATH_CONTENT@266..289
        MATH_COMMAND@266..272
          MATH_CONTROL_WORD@266..272 "\\alpha"
        MATH_SPACE@272..273 " "
        MATH_WORD@273..274 "+"
        MATH_SPACE@274..275 " "
        MATH_COMMAND@275..280
          MATH_CONTROL_WORD@275..280 "\\beta"
        MATH_SPACE@280..281 " "
        MATH_WORD@281..282 "="
        MATH_SPACE@282..283 " "
        MATH_COMMAND@283..289
          MATH_CONTROL_WORD@283..289 "\\gamma"
      INLINE_MATH_MARKER@289..291 "\\)"
    TEXT@291..304 " and another "
    INLINE_MATH@304..328
      INLINE_MATH_MARKER@304..306 "\\("
      MATH_CONTENT@306..326
        MATH_WORD@306..310 "f(x)"
        MATH_SPACE@310..311 " "
        MATH_WORD@311..312 "="
        MATH_SPACE@312..313 " "
        MATH_WORD@313..314 "a"
        MATH_SCRIPTED@314..317
          MATH_WORD@314..315 "x"
          MATH_SUPERSCRIPT@315..317
            MATH_CARET@315..316 "^"
            MATH_WORD@316..317 "2"
        MATH_SPACE@317..318 " "
        MATH_WORD@318..319 "+"
        MATH_SPACE@319..320 " "
        MATH_WORD@320..322 "bx"
        MATH_SPACE@322..323 " "
        MATH_WORD@323..324 "+"
        MATH_SPACE@324..325 " "
        MATH_WORD@325..326 "c"
      INLINE_MATH_MARKER@326..328 "\\)"
    TEXT@328..329 "."
    NEWLINE@329..330 "\n"
  BLANK_LINE@330..331
    BLANK_LINE@330..331 "\n"
  PARAGRAPH@331..382
    TEXT@331..381 "Here's one that start ..."
    NEWLINE@381..382 "\n"
  BLANK_LINE@382..383
    BLANK_LINE@382..383 "\n"
  PARAGRAPH@383..398
    DISPLAY_MATH@383..397
      DISPLAY_MATH_MARKER@383..385 "\\["
      MATH_CONTENT@385..395
        MATH_SPACE@385..386 " "
        MATH_WORD@386..387 "e"
        MATH_SPACE@387..388 " "
        MATH_WORD@388..389 "="
        MATH_SPACE@389..390 " "
        MATH_WORD@390..391 "m"
        MATH_SCRIPTED@391..394
          MATH_WORD@391..392 "c"
          MATH_SUPERSCRIPT@392..394
            MATH_CARET@392..393 "^"
            MATH_WORD@393..394 "2"
        MATH_NEWLINE@394..395 "\n"
      DISPLAY_MATH_MARKER@395..397 "\\]"
    NEWLINE@397..398 "\n"
