---
source: crates/panache-parser/tests/golden_parser_cases.rs
expression: cst_output
---
DOCUMENT@0..387
  HEADING@0..29
    ATX_HEADING_MARKER@0..1
      ATX_HEADING_MARKER@0..1 "#"
    WHITESPACE@1..2 " "
    HEADING_CONTENT@2..28
      TEXT@2..28 "Double Backslash Math ..."
    NEWLINE@28..29 "\n"
  BLANK_LINE@29..30
    BLANK_LINE@29..30 "\n"
  PARAGRAPH@30..91
    TEXT@30..90 "Testing double backsl ..."
    NEWLINE@90..91 "\n"
  BLANK_LINE@91..92
    BLANK_LINE@91..92 "\n"
  PARAGRAPH@92..158
    TEXT@92..127 "Inline math with doub ..."
    INLINE_MATH@127..148
      INLINE_MATH_MARKER@127..130 "\\\\("
      MATH_CONTENT@130..145
        MATH_TEXT@130..131 "x"
        MATH_SCRIPT@131..132 "^"
        MATH_TEXT@132..133 "2"
        MATH_SPACE@133..134 " "
        MATH_OPERATOR@134..135 "+"
        MATH_SPACE@135..136 " "
        MATH_TEXT@136..137 "y"
        MATH_SCRIPT@137..138 "^"
        MATH_TEXT@138..139 "2"
        MATH_SPACE@139..140 " "
        MATH_OPERATOR@140..141 "="
        MATH_SPACE@141..142 " "
        MATH_TEXT@142..143 "z"
        MATH_SCRIPT@143..144 "^"
        MATH_TEXT@144..145 "2"
      INLINE_MATH_MARKER@145..148 "\\\\)"
    TEXT@148..157 " in text."
    NEWLINE@157..158 "\n"
  BLANK_LINE@158..159
    BLANK_LINE@158..159 "\n"
  PARAGRAPH@159..195
    TEXT@159..194 "Display math with dou ..."
    NEWLINE@194..195 "\n"
  BLANK_LINE@195..196
    BLANK_LINE@195..196 "\n"
  PARAGRAPH@196..253
    DISPLAY_MATH@196..252
      DISPLAY_MATH_MARKER@196..199 "\\\\["
      MATH_CONTENT@199..249
        MATH_SPACE@199..200 " "
        MATH_COMMAND@200..204 "\\int"
        MATH_SCRIPT@204..205 "_"
        MATH_TEXT@205..206 "0"
        MATH_SCRIPT@206..207 "^"
        MATH_COMMAND@207..213 "\\infty"
        MATH_SPACE@213..214 " "
        MATH_TEXT@214..215 "e"
        MATH_SCRIPT@215..216 "^"
        MATH_GROUP@216..222
          MATH_GROUP_OPEN@216..217 "{"
          MATH_OPERATOR@217..218 "-"
          MATH_TEXT@218..219 "x"
          MATH_SCRIPT@219..220 "^"
          MATH_TEXT@220..221 "2"
          MATH_GROUP_CLOSE@221..222 "}"
        MATH_SPACE@222..223 " "
        MATH_TEXT@223..225 "dx"
        MATH_SPACE@225..226 " "
        MATH_OPERATOR@226..227 "="
        MATH_SPACE@227..228 " "
        MATH_COMMAND@228..233 "\\frac"
        MATH_GROUP@233..245
          MATH_GROUP_OPEN@233..234 "{"
          MATH_COMMAND@234..239 "\\sqrt"
          MATH_GROUP@239..244
            MATH_GROUP_OPEN@239..240 "{"
            MATH_COMMAND@240..243 "\\pi"
            MATH_GROUP_CLOSE@243..244 "}"
          MATH_GROUP_CLOSE@244..245 "}"
        MATH_GROUP@245..248
          MATH_GROUP_OPEN@245..246 "{"
          MATH_TEXT@246..247 "2"
          MATH_GROUP_CLOSE@247..248 "}"
        MATH_SPACE@248..249 " "
      DISPLAY_MATH_MARKER@249..252 "\\\\]"
    NEWLINE@252..253 "\n"
  BLANK_LINE@253..254
    BLANK_LINE@253..254 "\n"
  PARAGRAPH@254..317
    TEXT@254..267 "More inline: "
    INLINE_MATH@267..296
      INLINE_MATH_MARKER@267..270 "\\\\("
      MATH_CONTENT@270..293
        MATH_COMMAND@270..276 "\\alpha"
        MATH_SPACE@276..277 " "
        MATH_OPERATOR@277..278 "+"
        MATH_SPACE@278..279 " "
        MATH_COMMAND@279..284 "\\beta"
        MATH_SPACE@284..285 " "
        MATH_OPERATOR@285..286 "="
        MATH_SPACE@286..287 " "
        MATH_COMMAND@287..293 "\\gamma"
      INLINE_MATH_MARKER@293..296 "\\\\)"
    TEXT@296..301 " and "
    INLINE_MATH@301..315
      INLINE_MATH_MARKER@301..304 "\\\\("
      MATH_CONTENT@304..312
        MATH_TEXT@304..305 "E"
        MATH_SPACE@305..306 " "
        MATH_OPERATOR@306..307 "="
        MATH_SPACE@307..308 " "
        MATH_TEXT@308..310 "mc"
        MATH_SCRIPT@310..311 "^"
        MATH_TEXT@311..312 "2"
      INLINE_MATH_MARKER@312..315 "\\\\)"
    TEXT@315..316 "."
    NEWLINE@316..317 "\n"
  BLANK_LINE@317..318
    BLANK_LINE@317..318 "\n"
  PARAGRAPH@318..387
    TEXT@318..361 "Inline display math w ..."
    DISPLAY_MATH@361..377
      DISPLAY_MATH_MARKER@361..364 "\\\\["
      MATH_CONTENT@364..374
        MATH_SPACE@364..365 " "
        MATH_TEXT@365..366 "E"
        MATH_SPACE@366..367 " "
        MATH_OPERATOR@367..368 "="
        MATH_SPACE@368..369 " "
        MATH_TEXT@369..371 "mc"
        MATH_SCRIPT@371..372 "^"
        MATH_TEXT@372..373 "2"
        MATH_SPACE@373..374 " "
      DISPLAY_MATH_MARKER@374..377 "\\\\]"
    TEXT@377..386 " in text."
    NEWLINE@386..387 "\n"
