---
source: crates/panache-parser/tests/golden_parser_cases.rs
expression: cst_output
---
DOCUMENT@0..174
  HEADING@0..24
    ATX_HEADING_MARKER@0..1
      ATX_HEADING_MARKER@0..1 "#"
    WHITESPACE@1..2 " "
    HEADING_CONTENT@2..23
      TEXT@2..23 "Math Definition Colon"
    NEWLINE@23..24 "\n"
  BLANK_LINE@24..25
    BLANK_LINE@24..25 "\n"
  PARAGRAPH@25..42
    TEXT@25..33 "Spaced: "
    INLINE_MATH@33..41
      INLINE_MATH_MARKER@33..34 "$"
      MATH_CONTENT@34..40
        MATH_WORD@34..35 "a"
        MATH_SPACE@35..36 " "
        MATH_WORD@36..38 ":="
        MATH_SPACE@38..39 " "
        MATH_WORD@39..40 "b"
      INLINE_MATH_MARKER@40..41 "$"
    NEWLINE@41..42 "\n"
  BLANK_LINE@42..43
    BLANK_LINE@42..43 "\n"
  PARAGRAPH@43..59
    TEXT@43..50 "Tight: "
    INLINE_MATH@50..58
      INLINE_MATH_MARKER@50..51 "$"
      MATH_CONTENT@51..57
        MATH_WORD@51..57 "ab:=cd"
      INLINE_MATH_MARKER@57..58 "$"
    NEWLINE@58..59 "\n"
  BLANK_LINE@59..60
    BLANK_LINE@59..60 "\n"
  PARAGRAPH@60..79
    TEXT@60..70 "Reversed: "
    INLINE_MATH@70..78
      INLINE_MATH_MARKER@70..71 "$"
      MATH_CONTENT@71..77
        MATH_WORD@71..72 "f"
        MATH_SPACE@72..73 " "
        MATH_WORD@73..75 "=:"
        MATH_SPACE@75..76 " "
        MATH_WORD@76..77 "g"
      INLINE_MATH_MARKER@77..78 "$"
    NEWLINE@78..79 "\n"
  BLANK_LINE@79..80
    BLANK_LINE@79..80 "\n"
  PARAGRAPH@80..97
    TEXT@80..89 "Doubled: "
    INLINE_MATH@89..96
      INLINE_MATH_MARKER@89..90 "$"
      MATH_CONTENT@90..95
        MATH_WORD@90..95 "a::=b"
      INLINE_MATH_MARKER@95..96 "$"
    NEWLINE@96..97 "\n"
  BLANK_LINE@97..98
    BLANK_LINE@97..98 "\n"
  PARAGRAPH@98..139
    TEXT@98..116 "Not a definition: "
    INLINE_MATH@116..121
      INLINE_MATH_MARKER@116..117 "$"
      MATH_CONTENT@117..120
        MATH_WORD@117..120 "x:y"
      INLINE_MATH_MARKER@120..121 "$"
    TEXT@121..126 " and "
    INLINE_MATH@126..138
      INLINE_MATH_MARKER@126..127 "$"
      MATH_CONTENT@127..137
        MATH_WORD@127..129 "f:"
        MATH_SPACE@129..130 " "
        MATH_WORD@130..131 "A"
        MATH_SPACE@131..132 " "
        MATH_COMMAND@132..135
          MATH_CONTROL_WORD@132..135 "\\to"
        MATH_SPACE@135..136 " "
        MATH_WORD@136..137 "B"
      INLINE_MATH_MARKER@137..138 "$"
    NEWLINE@138..139 "\n"
  BLANK_LINE@139..140
    BLANK_LINE@139..140 "\n"
  PARAGRAPH@140..174
    TEXT@140..154 "In text mode: "
    INLINE_MATH@154..173
      INLINE_MATH_MARKER@154..155 "$"
      MATH_CONTENT@155..172
        MATH_COMMAND@155..172
          MATH_CONTROL_WORD@155..160 "\\text"
          MATH_GROUP@160..172
            MATH_GROUP_OPEN@160..161 "{"
            MATH_WORD@161..166 "Cost:"
            MATH_SPACE@166..167 " "
            MATH_WORD@167..171 "high"
            MATH_GROUP_CLOSE@171..172 "}"
      INLINE_MATH_MARKER@172..173 "$"
    NEWLINE@173..174 "\n"
