---
source: crates/panache-parser/tests/golden_parser_cases.rs
expression: cst_output
---
DOCUMENT@0..121
  YAML_METADATA@0..46
    YAML_METADATA_DELIM@0..3 "---"
    NEWLINE@3..4 "\n"
    YAML_METADATA_CONTENT@4..42
      TEXT@4..15 "lang: en-GB"
      NEWLINE@15..16 "\n"
      TEXT@16..41 "title: Sentence Lang  ..."
      NEWLINE@41..42 "\n"
    YAML_METADATA_DELIM@42..45 "---"
    NEWLINE@45..46 "\n"
  BLANK_LINE@46..47
    BLANK_LINE@46..47 "\n"
  PARAGRAPH@47..121
    TEXT@47..120 "Use abbreviations lik ..."
    NEWLINE@120..121 "\n"
