---
source: crates/panache-parser/tests/golden_parser_cases.rs
expression: cst_output
---
DOCUMENT@0..52
  PARAGRAPH@0..52
    DISPLAY_MATH@0..11
      DISPLAY_MATH_MARKER@0..2 "$$"
      MATH_CONTENT@2..9
        MATH_NEWLINE@2..3 "\n"
        MATH_TEXT@3..4 "a"
        MATH_SPACE@4..5 " "
        MATH_TEXT@5..6 "="
        MATH_SPACE@6..7 " "
        MATH_TEXT@7..8 "b"
        MATH_NEWLINE@8..9 "\n"
      DISPLAY_MATH_MARKER@9..11 "$$"
    WHITESPACE@11..12 " "
    ATTRIBUTE@12..32
      TEXT@12..13 "{"
      ATTR_ID@13..31 "#eq-primal-problem"
      TEXT@31..32 "}"
    NEWLINE@32..33 "\n"
    CROSSREF@33..51
      CROSSREF_MARKER@33..34 "@"
      CROSSREF_KEY@34..51 "eq-primal-problem"
    NEWLINE@51..52 "\n"
