---
source: crates/panache-parser/tests/yaml.rs
assertion_line: 312
expression: snapshot
---
case_id: MUS6/02
input: "%YAML  1.1\n---\n"
diagnostics:

cst:
YAML_STREAM@0..15
  YAML_DOCUMENT@0..15
    YAML_DIRECTIVE@0..10 "%YAML  1.1"
    NEWLINE@10..11 "\n"
    YAML_DOCUMENT_START@11..14 "---"
    NEWLINE@14..15 "\n"
