---
source: crates/panache-parser/tests/yaml.rs
expression: snapshot
---
case_id: 5KJE
input: "- [ one, two, ]\n- [three ,four]\n"
diagnostics:

cst:
DOCUMENT@0..32
  YAML_METADATA_CONTENT@0..32
    YAML_STREAM@0..32
      YAML_DOCUMENT@0..32
        YAML_BLOCK_SEQUENCE@0..32
          YAML_BLOCK_SEQUENCE_ITEM@0..16
            YAML_BLOCK_SEQ_ENTRY@0..1 "-"
            WHITESPACE@1..2 " "
            YAML_FLOW_SEQUENCE@2..15
              YAML_SCALAR@2..3 "["
              WHITESPACE@3..4 " "
              YAML_FLOW_SEQUENCE_ITEM@4..7
                YAML_SCALAR@4..7 "one"
              YAML_SCALAR@7..8 ","
              WHITESPACE@8..9 " "
              YAML_FLOW_SEQUENCE_ITEM@9..12
                YAML_SCALAR@9..12 "two"
              YAML_SCALAR@12..13 ","
              WHITESPACE@13..14 " "
              YAML_SCALAR@14..15 "]"
            NEWLINE@15..16 "\n"
          YAML_BLOCK_SEQUENCE_ITEM@16..32
            YAML_BLOCK_SEQ_ENTRY@16..17 "-"
            WHITESPACE@17..18 " "
            YAML_FLOW_SEQUENCE@18..31
              YAML_SCALAR@18..19 "["
              YAML_FLOW_SEQUENCE_ITEM@19..25
                YAML_SCALAR@19..25 "three "
              YAML_SCALAR@25..26 ","
              YAML_FLOW_SEQUENCE_ITEM@26..30
                YAML_SCALAR@26..30 "four"
              YAML_SCALAR@30..31 "]"
            NEWLINE@31..32 "\n"
