---
source: crates/panache-parser/tests/yaml.rs
expression: snapshot
---
case_id: SM9W/00
input: "-"
diagnostics:

cst:
DOCUMENT@0..1
  YAML_METADATA_CONTENT@0..1
    YAML_STREAM@0..1
      YAML_DOCUMENT@0..1
        YAML_BLOCK_SEQUENCE@0..1
          YAML_BLOCK_SEQUENCE_ITEM@0..1
            YAML_BLOCK_SEQ_ENTRY@0..1 "-"
