---
source: crates/panache-parser/tests/yaml.rs
expression: snapshot
---
case_id: 58MP
input: "{x: :x}\n"
diagnostics:

cst:
DOCUMENT@0..8
  YAML_METADATA_CONTENT@0..8
    YAML_BLOCK_MAP@0..8
      YAML_FLOW_MAP@0..7
        YAML_SCALAR@0..1 "{"
        YAML_FLOW_MAP_ENTRY@1..6
          YAML_FLOW_MAP_KEY@1..3
            YAML_KEY@1..2 "x"
            YAML_COLON@2..3 ":"
          YAML_FLOW_MAP_VALUE@3..6
            YAML_SCALAR@3..6 " :x"
        YAML_SCALAR@6..7 "}"
      NEWLINE@7..8 "\n"
