---
source: crates/panache-parser/tests/yaml.rs
expression: snapshot
---
case_id: TE2A
input: "block mapping:\n key: value\n"
diagnostics:

cst:
DOCUMENT@0..27
  YAML_METADATA_CONTENT@0..27
    YAML_STREAM@0..27
      YAML_DOCUMENT@0..27
        YAML_BLOCK_MAP@0..27
          YAML_BLOCK_MAP_ENTRY@0..27
            YAML_BLOCK_MAP_KEY@0..14
              YAML_SCALAR@0..13 "block mapping"
              YAML_COLON@13..14 ":"
            YAML_BLOCK_MAP_VALUE@14..27
              NEWLINE@14..15 "\n"
              WHITESPACE@15..16 " "
              YAML_BLOCK_MAP@16..27
                YAML_BLOCK_MAP_ENTRY@16..27
                  YAML_BLOCK_MAP_KEY@16..20
                    YAML_SCALAR@16..19 "key"
                    YAML_COLON@19..20 ":"
                  YAML_BLOCK_MAP_VALUE@20..27
                    WHITESPACE@20..21 " "
                    YAML_SCALAR@21..26 "value"
                    NEWLINE@26..27 "\n"
