---
source: crates/panache-parser/tests/yaml.rs
assertion_line: 279
expression: snapshot
---
case_id: 82AN
input: "---word1\nword2\n"
diagnostics:

cst:
DOCUMENT@0..15
  YAML_METADATA_CONTENT@0..15
    YAML_STREAM@0..15
      YAML_DOCUMENT@0..15
        YAML_SCALAR@0..14 "---word1\nword2"
        NEWLINE@14..15 "\n"
