---
source: crates/panache-parser/tests/yaml.rs
expression: snapshot_json
---
{
  "case_id": "9MAG",
  "cst": null,
  "diagnostics": [
    {
      "byte_end": 7,
      "byte_start": 6,
      "code": "YAML_PARSE_INVALID_FLOW_SEQUENCE_COMMA",
      "message": "invalid comma position in flow sequence"
    }
  ],
  "input": "---\n[ , a, b, c ]\n"
}
