---
source: crates/panache-parser/tests/yaml.rs
expression: snapshot
---
case_id: D88J
input: "a: [b, c]\n"
diagnostics:

cst:
DOCUMENT@0..10
  YAML_METADATA_CONTENT@0..10
    YAML_STREAM@0..10
      YAML_DOCUMENT@0..10
        YAML_BLOCK_MAP@0..10
          YAML_BLOCK_MAP_ENTRY@0..10
            YAML_BLOCK_MAP_KEY@0..2
              YAML_KEY@0..1 "a"
              YAML_COLON@1..2 ":"
            YAML_BLOCK_MAP_VALUE@2..9
              WHITESPACE@2..3 " "
              YAML_FLOW_SEQUENCE@3..9
                YAML_SCALAR@3..4 "["
                YAML_FLOW_SEQUENCE_ITEM@4..5
                  YAML_SCALAR@4..5 "b"
                YAML_SCALAR@5..6 ","
                YAML_FLOW_SEQUENCE_ITEM@6..8
                  YAML_SCALAR@6..8 " c"
                YAML_SCALAR@8..9 "]"
            NEWLINE@9..10 "\n"
