---
source: crates/panache-parser/tests/yaml.rs
assertion_line: 279
expression: snapshot
---
case_id: 6WPF
input: "---\n\"\n  foo \n \n    bar\n\n  baz\n\"\n"
diagnostics:

cst:
DOCUMENT@0..32
  YAML_METADATA_CONTENT@0..32
    YAML_STREAM@0..32
      YAML_DOCUMENT@0..32
        YAML_DOCUMENT_START@0..3 "---"
        NEWLINE@3..4 "\n"
        YAML_SCALAR@4..31 "\"\n  foo \n \n    bar\n\n  ..."
        NEWLINE@31..32 "\n"
