---
source: crates/panache-parser/tests/yaml.rs
expression: snapshot
---
case_id: M29M
input: "a: |\n ab\n \n cd\n ef\n \n\n...\n"
diagnostics:

cst:
DOCUMENT@0..26
  YAML_METADATA_CONTENT@0..26
    YAML_STREAM@0..26
      YAML_DOCUMENT@0..25
        YAML_BLOCK_MAP@0..22
          YAML_BLOCK_MAP_ENTRY@0..22
            YAML_BLOCK_MAP_KEY@0..2
              YAML_SCALAR@0..1 "a"
              YAML_COLON@1..2 ":"
            YAML_BLOCK_MAP_VALUE@2..22
              WHITESPACE@2..3 " "
              YAML_SCALAR@3..22 "|\n ab\n \n cd\n ef\n \n\n"
        YAML_DOCUMENT_END@22..25 "..."
      NEWLINE@25..26 "\n"
