---
source: crates/panache-parser/tests/yaml.rs
expression: snapshot
---
case_id: 74H7
input: "!!str a: b\nc: !!int 42\ne: !!str f\ng: h\n!!str 23: !!bool false\n"
diagnostics:

cst:
DOCUMENT@0..62
  YAML_METADATA_CONTENT@0..62
    YAML_STREAM@0..62
      YAML_DOCUMENT@0..62
        YAML_BLOCK_MAP@0..62
          YAML_BLOCK_MAP_ENTRY@0..11
            YAML_BLOCK_MAP_KEY@0..8
              YAML_SCALAR@0..7 "!!str a"
              YAML_COLON@7..8 ":"
            YAML_BLOCK_MAP_VALUE@8..11
              WHITESPACE@8..9 " "
              YAML_SCALAR@9..10 "b"
              NEWLINE@10..11 "\n"
          YAML_BLOCK_MAP_ENTRY@11..23
            YAML_BLOCK_MAP_KEY@11..13
              YAML_SCALAR@11..12 "c"
              YAML_COLON@12..13 ":"
            YAML_BLOCK_MAP_VALUE@13..23
              WHITESPACE@13..14 " "
              YAML_SCALAR@14..22 "!!int 42"
              NEWLINE@22..23 "\n"
          YAML_BLOCK_MAP_ENTRY@23..34
            YAML_BLOCK_MAP_KEY@23..25
              YAML_SCALAR@23..24 "e"
              YAML_COLON@24..25 ":"
            YAML_BLOCK_MAP_VALUE@25..34
              WHITESPACE@25..26 " "
              YAML_SCALAR@26..33 "!!str f"
              NEWLINE@33..34 "\n"
          YAML_BLOCK_MAP_ENTRY@34..39
            YAML_BLOCK_MAP_KEY@34..36
              YAML_SCALAR@34..35 "g"
              YAML_COLON@35..36 ":"
            YAML_BLOCK_MAP_VALUE@36..39
              WHITESPACE@36..37 " "
              YAML_SCALAR@37..38 "h"
              NEWLINE@38..39 "\n"
          YAML_BLOCK_MAP_ENTRY@39..62
            YAML_BLOCK_MAP_KEY@39..48
              YAML_SCALAR@39..47 "!!str 23"
              YAML_COLON@47..48 ":"
            YAML_BLOCK_MAP_VALUE@48..62
              WHITESPACE@48..49 " "
              YAML_SCALAR@49..61 "!!bool false"
              NEWLINE@61..62 "\n"
