---
source: crates/panache-parser/tests/yaml.rs
expression: snapshot
---
case_id: QF4Y
input: "[\nfoo: bar\n]\n"
diagnostics:

cst:
DOCUMENT@0..13
  YAML_METADATA_CONTENT@0..13
    YAML_STREAM@0..13
      YAML_DOCUMENT@0..13
        YAML_FLOW_SEQUENCE@0..12
          YAML_SCALAR@0..1 "["
          NEWLINE@1..2 "\n"
          YAML_FLOW_SEQUENCE_ITEM@2..11
            YAML_SCALAR@2..5 "foo"
            YAML_COLON@5..6 ":"
            WHITESPACE@6..7 " "
            YAML_SCALAR@7..10 "bar"
            NEWLINE@10..11 "\n"
          YAML_SCALAR@11..12 "]"
        NEWLINE@12..13 "\n"
