---
source: crates/panache-parser/tests/yaml.rs
assertion_line: 245
expression: snapshot
---
case_id: 26DV
input: "\"top1\" : \n  \"key1\" : &alias1 scalar1\n'top2' : \n  'key2' : &alias2 scalar2\ntop3: &node3 \n  *alias1 : scalar3\ntop4: \n  *alias2 : scalar4\ntop5   :    \n  scalar5\ntop6: \n  &anchor6 'key6' : scalar6\n"
has_error_contract: false
parsed_mapping_tree: true
diagnostics: []
