---
source: crates/panache-parser/tests/yaml.rs
assertion_line: 278
expression: snapshot
---
case_id: 7W2P
input: "? a\n? b\nc:\n"
diagnostics:

cst:
DOCUMENT@0..11
  YAML_METADATA_CONTENT@0..11
    YAML_STREAM@0..11
      YAML_DOCUMENT@0..11
        YAML_BLOCK_MAP@0..11
          YAML_SCALAR@0..3 "? a"
          NEWLINE@3..4 "\n"
          YAML_SCALAR@4..7 "? b"
          NEWLINE@7..8 "\n"
          YAML_BLOCK_MAP_ENTRY@8..11
            YAML_BLOCK_MAP_KEY@8..10
              YAML_KEY@8..9 "c"
              YAML_COLON@9..10 ":"
            YAML_BLOCK_MAP_VALUE@10..10
            NEWLINE@10..11 "\n"
