---
source: crates/panache-parser/tests/yaml.rs
expression: snapshot_json
---
{
  "case_id": "9CWY",
  "cst": null,
  "diagnostics": [
    {
      "byte_end": 4,
      "byte_start": 0,
      "code": "YAML_LEX_ERROR",
      "message": "invalid plain mapping line"
    }
  ],
  "input": "key:\n - item1\n - item2\ninvalid\n"
}
