---
source: crates/panache-parser/tests/yaml.rs
expression: snapshot
---
case_id: 2AUY
input: " - !!str a\n - b\n - !!int 42\n - d\n"
diagnostics:

cst:
DOCUMENT@0..33
  YAML_METADATA_CONTENT@0..33
    YAML_STREAM@0..33
      WHITESPACE@0..1 " "
      YAML_DOCUMENT@1..33
        YAML_BLOCK_SEQUENCE@1..33
          YAML_BLOCK_SEQUENCE_ITEM@1..12
            YAML_BLOCK_SEQ_ENTRY@1..2 "-"
            WHITESPACE@2..3 " "
            YAML_SCALAR@3..10 "!!str a"
            NEWLINE@10..11 "\n"
            WHITESPACE@11..12 " "
          YAML_BLOCK_SEQUENCE_ITEM@12..17
            YAML_BLOCK_SEQ_ENTRY@12..13 "-"
            WHITESPACE@13..14 " "
            YAML_SCALAR@14..15 "b"
            NEWLINE@15..16 "\n"
            WHITESPACE@16..17 " "
          YAML_BLOCK_SEQUENCE_ITEM@17..29
            YAML_BLOCK_SEQ_ENTRY@17..18 "-"
            WHITESPACE@18..19 " "
            YAML_SCALAR@19..27 "!!int 42"
            NEWLINE@27..28 "\n"
            WHITESPACE@28..29 " "
          YAML_BLOCK_SEQUENCE_ITEM@29..33
            YAML_BLOCK_SEQ_ENTRY@29..30 "-"
            WHITESPACE@30..31 " "
            YAML_SCALAR@31..32 "d"
            NEWLINE@32..33 "\n"
