---
source: crates/panache-parser/tests/yaml.rs
expression: snapshot_json
---
{
  "case_id": "S4GJ",
  "cst": null,
  "diagnostics": [
    {
      "byte_end": 38,
      "byte_start": 27,
      "code": "YAML_PARSE_INVALID_KEY_TOKEN",
      "message": "invalid token while parsing block map key"
    }
  ],
  "input": "---\nfolded: > first line\n  second line\n"
}
