---
source: crates/panache-parser/tests/yaml.rs
assertion_line: 312
expression: snapshot
---
case_id: DE56/05
input: "\"6 trailing\t  \n    tab\"\n"
diagnostics:

cst:
YAML_STREAM@0..24
  YAML_DOCUMENT@0..24
    YAML_SCALAR@0..23
      YAML_SCALAR_TEXT@0..23 "\"6 trailing\t  \n    tab\""
    NEWLINE@23..24 "\n"
