---
source: crates/panache-parser/tests/yaml.rs
expression: snapshot
---
case_id: 3RLN/01
input: "\"2 leading\n    \\\ttab\"\n"
diagnostics:

cst:
YAML_STREAM@0..22
  YAML_DOCUMENT@0..22
    YAML_SCALAR@0..21
      YAML_SCALAR_TEXT@0..10 "\"2 leading"
      NEWLINE@10..11 "\n"
      YAML_SCALAR_TEXT@11..21 "    \\\ttab\""
    NEWLINE@21..22 "\n"
