---
source: crates/panache-parser/tests/yaml.rs
expression: snapshot_json
---
{
  "case_id": "DK4H",
  "cst": null,
  "diagnostics": [
    {
      "byte_end": 21,
      "byte_start": 12,
      "code": "YAML_LEX_ERROR",
      "message": "invalid plain mapping line"
    }
  ],
  "input": "---\n[ key\n  : value ]\n"
}
