---
source: crates/panache-parser/tests/yaml.rs
expression: snapshot
---
case_id: 93WF
input: "--- >-\n  trimmed\n  \n \n\n  as\n  space\n"
diagnostics:

cst:
DOCUMENT@0..36
  YAML_METADATA_CONTENT@0..36
    YAML_STREAM@0..36
      YAML_DOCUMENT@0..36
        YAML_DOCUMENT_START@0..3 "---"
        WHITESPACE@3..4 " "
        YAML_SCALAR@4..36 ">-\n  trimmed\n  \n \n\n   ..."
