---
source: crates/panache-parser/tests/yaml.rs
expression: snapshot
---
case_id: 6FWR
input: "--- |+\n ab\n \n  \n...\n"
diagnostics:

cst:
YAML_STREAM@0..20
  YAML_DOCUMENT@0..19
    YAML_DOCUMENT_START@0..3 "---"
    WHITESPACE@3..4 " "
    YAML_SCALAR@4..16
      YAML_SCALAR_TEXT@4..6 "|+"
      NEWLINE@6..7 "\n"
      YAML_SCALAR_TEXT@7..10 " ab"
      NEWLINE@10..11 "\n"
      YAML_SCALAR_TEXT@11..12 " "
      NEWLINE@12..13 "\n"
      YAML_SCALAR_TEXT@13..15 "  "
      NEWLINE@15..16 "\n"
    YAML_DOCUMENT_END@16..19 "..."
  NEWLINE@19..20 "\n"
