---
source: crates/panache-parser/tests/yaml.rs
expression: snapshot
---
case_id: 82AN
input: "---word1\nword2\n"
diagnostics:

cst:
YAML_STREAM@0..15
  YAML_DOCUMENT@0..15
    YAML_SCALAR@0..14
      YAML_SCALAR_TEXT@0..8 "---word1"
      NEWLINE@8..9 "\n"
      YAML_SCALAR_TEXT@9..14 "word2"
    NEWLINE@14..15 "\n"
