---
source: crates/panache-parser/tests/yaml.rs
expression: snapshot
---
case_id: 87E4
input: "'implicit block key' : [\n  'implicit flow key' : value,\n ]\n"
diagnostics:

cst:
DOCUMENT@0..59
  YAML_METADATA_CONTENT@0..59
    YAML_STREAM@0..59
      YAML_DOCUMENT@0..59
        YAML_BLOCK_MAP@0..59
          YAML_BLOCK_MAP_ENTRY@0..59
            YAML_BLOCK_MAP_KEY@0..22
              YAML_SCALAR@0..20 "'implicit block key'"
              WHITESPACE@20..21 " "
              YAML_COLON@21..22 ":"
            YAML_BLOCK_MAP_VALUE@22..59
              WHITESPACE@22..23 " "
              YAML_FLOW_SEQUENCE@23..58
                YAML_SCALAR@23..24 "["
                NEWLINE@24..25 "\n"
                WHITESPACE@25..27 "  "
                YAML_FLOW_SEQUENCE_ITEM@27..54
                  YAML_SCALAR@27..46 "'implicit flow key'"
                  WHITESPACE@46..47 " "
                  YAML_COLON@47..48 ":"
                  WHITESPACE@48..49 " "
                  YAML_SCALAR@49..54 "value"
                YAML_SCALAR@54..55 ","
                NEWLINE@55..56 "\n"
                WHITESPACE@56..57 " "
                YAML_SCALAR@57..58 "]"
              NEWLINE@58..59 "\n"
