---
source: crates/panache-parser/tests/yaml.rs
assertion_line: 278
expression: snapshot
---
case_id: LQZ7
input: "\"implicit block key\" : [\n  \"implicit flow key\" : value,\n ]\n"
diagnostics:

cst:
DOCUMENT@0..59
  YAML_METADATA_CONTENT@0..59
    YAML_STREAM@0..59
      YAML_DOCUMENT@0..59
        YAML_BLOCK_MAP@0..59
          YAML_BLOCK_MAP_ENTRY@0..59
            YAML_BLOCK_MAP_KEY@0..22
              YAML_KEY@0..21 "\"implicit block key\" "
              YAML_COLON@21..22 ":"
            YAML_BLOCK_MAP_VALUE@22..58
              WHITESPACE@22..23 " "
              YAML_FLOW_SEQUENCE@23..58
                YAML_SCALAR@23..24 "["
                YAML_FLOW_SEQUENCE_ITEM@24..54
                  YAML_SCALAR@24..25 "\n"
                  YAML_SCALAR@25..25 ""
                  WHITESPACE@25..27 "  "
                  YAML_SCALAR@27..54 "\"implicit flow key\" : ..."
                YAML_SCALAR@54..55 ","
                YAML_FLOW_SEQUENCE_ITEM@55..57
                  YAML_SCALAR@55..56 "\n"
                  YAML_SCALAR@56..56 ""
                  WHITESPACE@56..57 " "
                YAML_SCALAR@57..58 "]"
            NEWLINE@58..59 "\n"
