---
source: crates/panache-parser/tests/yaml.rs
expression: snapshot
---
case_id: QT73
input: "# comment\n...\n"
diagnostics:

cst:
DOCUMENT@0..14
  YAML_METADATA_CONTENT@0..14
    YAML_STREAM@0..14
      YAML_COMMENT@0..9 "# comment"
      NEWLINE@9..10 "\n"
      YAML_DOCUMENT_END@10..13 "..."
      NEWLINE@13..14 "\n"
