---
source: crates/panache-parser/tests/yaml.rs
expression: snapshot
---
case_id: 4ABK
input: "{\nunquoted : \"separate\",\nhttp://foo.com,\nomitted value:,\n}\n"
diagnostics:

cst:
DOCUMENT@0..59
  YAML_METADATA_CONTENT@0..59
    YAML_STREAM@0..59
      YAML_DOCUMENT@0..59
        YAML_FLOW_MAP@0..58
          YAML_SCALAR@0..1 "{"
          NEWLINE@1..2 "\n"
          YAML_FLOW_MAP_ENTRY@2..23
            YAML_FLOW_MAP_KEY@2..12
              YAML_SCALAR@2..11 "unquoted "
              YAML_COLON@11..12 ":"
            YAML_FLOW_MAP_VALUE@12..23
              WHITESPACE@12..13 " "
              YAML_SCALAR@13..23 "\"separate\""
          YAML_SCALAR@23..24 ","
          NEWLINE@24..25 "\n"
          YAML_SCALAR@25..39 "http://foo.com"
          YAML_SCALAR@39..40 ","
          NEWLINE@40..41 "\n"
          YAML_FLOW_MAP_ENTRY@41..55
            YAML_FLOW_MAP_KEY@41..55
              YAML_SCALAR@41..54 "omitted value"
              YAML_COLON@54..55 ":"
            YAML_FLOW_MAP_VALUE@55..55
          YAML_SCALAR@55..56 ","
          NEWLINE@56..57 "\n"
          YAML_SCALAR@57..58 "}"
        NEWLINE@58..59 "\n"
