---
source: crates/panache-parser/tests/yaml.rs
assertion_line: 279
expression: snapshot
---
case_id: MJS9
input: ">\n  foo \n \n  \t bar\n\n  baz\n"
diagnostics:

cst:
DOCUMENT@0..26
  YAML_METADATA_CONTENT@0..26
    YAML_STREAM@0..26
      YAML_DOCUMENT@0..26
        YAML_SCALAR@0..26 ">\n  foo \n \n  \t bar\n\n  ..."
