---
source: crates/panache-parser/tests/yaml.rs
expression: snapshot
---
case_id: B3HG
input: "--- >\n folded\n text\n\n\n"
diagnostics:

cst:
DOCUMENT@0..22
  YAML_METADATA_CONTENT@0..22
    YAML_STREAM@0..22
      YAML_DOCUMENT@0..22
        YAML_DOCUMENT_START@0..3 "---"
        WHITESPACE@3..4 " "
        YAML_SCALAR@4..22 ">\n folded\n text\n\n\n"
