---
source: crates/panache-parser/tests/yaml.rs
assertion_line: 278
expression: snapshot
---
case_id: QLJ7
input: "%TAG !prefix! tag:example.com,2011:\n--- !prefix!A\na: b\n--- !prefix!B\nc: d\n--- !prefix!C\ne: f\n"
diagnostics:
YAML_PARSE_INVALID_KEY_TOKEN:invalid token while parsing block map key@49..50
cst:
