---
source: crates/panache-parser/tests/yaml.rs
assertion_line: 279
expression: snapshot
---
case_id: HS5T
input: "1st non-empty\n\n 2nd non-empty \n\t3rd non-empty\n"
diagnostics:

cst:
DOCUMENT@0..46
  YAML_METADATA_CONTENT@0..46
    YAML_STREAM@0..46
      YAML_DOCUMENT@0..46
        YAML_SCALAR@0..45 "1st non-empty\n\n 2nd n ..."
        NEWLINE@45..46 "\n"
