---
source: crates/panache-parser/tests/yaml.rs
expression: snapshot
---
case_id: TL85
input: "\"\n  foo \n \n  \t bar\n\n  baz\n\"\n"
diagnostics:

cst:
YAML_STREAM@0..28
  YAML_DOCUMENT@0..28
    YAML_SCALAR@0..27
      YAML_SCALAR_TEXT@0..1 "\""
      NEWLINE@1..2 "\n"
      YAML_SCALAR_TEXT@2..8 "  foo "
      NEWLINE@8..9 "\n"
      YAML_SCALAR_TEXT@9..10 " "
      NEWLINE@10..11 "\n"
      YAML_SCALAR_TEXT@11..18 "  \t bar"
      NEWLINE@18..19 "\n"
      NEWLINE@19..20 "\n"
      YAML_SCALAR_TEXT@20..25 "  baz"
      NEWLINE@25..26 "\n"
      YAML_SCALAR_TEXT@26..27 "\""
    NEWLINE@27..28 "\n"
