---
source: crates/panache-parser/tests/yaml.rs
assertion_line: 279
expression: snapshot
---
case_id: 2EBW
input: "a!\"#$%&'()*+,-./09:;<=>?@AZ[\\]^_`az{|}~: safe\n?foo: safe question mark\n:foo: safe colon\n-foo: safe dash\nthis is#not: a comment\n"
diagnostics:

cst:
DOCUMENT@0..127
  YAML_METADATA_CONTENT@0..127
    YAML_STREAM@0..127
      YAML_DOCUMENT@0..127
        YAML_BLOCK_MAP@0..127
          YAML_BLOCK_MAP_ENTRY@0..46
            YAML_BLOCK_MAP_KEY@0..40
              YAML_SCALAR@0..39 "a!\"#$%&'()*+,-./09:;< ..."
              YAML_COLON@39..40 ":"
            YAML_BLOCK_MAP_VALUE@40..46
              WHITESPACE@40..41 " "
              YAML_SCALAR@41..45 "safe"
              NEWLINE@45..46 "\n"
          YAML_BLOCK_MAP_ENTRY@46..71
            YAML_BLOCK_MAP_KEY@46..51
              YAML_SCALAR@46..50 "?foo"
              YAML_COLON@50..51 ":"
            YAML_BLOCK_MAP_VALUE@51..71
              WHITESPACE@51..52 " "
              YAML_SCALAR@52..70 "safe question mark"
              NEWLINE@70..71 "\n"
          YAML_BLOCK_MAP_ENTRY@71..88
            YAML_BLOCK_MAP_KEY@71..76
              YAML_SCALAR@71..75 ":foo"
              YAML_COLON@75..76 ":"
            YAML_BLOCK_MAP_VALUE@76..88
              WHITESPACE@76..77 " "
              YAML_SCALAR@77..87 "safe colon"
              NEWLINE@87..88 "\n"
          YAML_BLOCK_MAP_ENTRY@88..104
            YAML_BLOCK_MAP_KEY@88..93
              YAML_SCALAR@88..92 "-foo"
              YAML_COLON@92..93 ":"
            YAML_BLOCK_MAP_VALUE@93..104
              WHITESPACE@93..94 " "
              YAML_SCALAR@94..103 "safe dash"
              NEWLINE@103..104 "\n"
          YAML_BLOCK_MAP_ENTRY@104..127
            YAML_BLOCK_MAP_KEY@104..116
              YAML_SCALAR@104..115 "this is#not"
              YAML_COLON@115..116 ":"
            YAML_BLOCK_MAP_VALUE@116..127
              WHITESPACE@116..117 " "
              YAML_SCALAR@117..126 "a comment"
              NEWLINE@126..127 "\n"
