---
source: crates/panache-parser/tests/yaml.rs
expression: snapshot_json
---
{
  "case_id": "4EJS",
  "cst": null,
  "diagnostics": [
    {
      "byte_end": 6,
      "byte_start": 4,
      "code": "YAML_LEX_ERROR",
      "message": "invalid plain mapping line"
    }
  ],
  "input": "---\na:\n\tb:\n\t\tc: value\n"
}
