---
source: crates/panache-parser/tests/yaml.rs
expression: snapshot
---
case_id: K4SU
input: "- foo\n- bar\n- 42\n"
diagnostics:

cst:
DOCUMENT@0..17
  YAML_METADATA_CONTENT@0..17
    YAML_BLOCK_SEQUENCE@0..17
      YAML_BLOCK_SEQUENCE_ITEM@0..6
        YAML_BLOCK_SEQ_ENTRY@0..1 "-"
        WHITESPACE@1..2 " "
        YAML_SCALAR@2..5 "foo"
        NEWLINE@5..6 "\n"
      YAML_BLOCK_SEQUENCE_ITEM@6..12
        YAML_BLOCK_SEQ_ENTRY@6..7 "-"
        WHITESPACE@7..8 " "
        YAML_SCALAR@8..11 "bar"
        NEWLINE@11..12 "\n"
      YAML_BLOCK_SEQUENCE_ITEM@12..17
        YAML_BLOCK_SEQ_ENTRY@12..13 "-"
        WHITESPACE@13..14 " "
        YAML_SCALAR@14..16 "42"
        NEWLINE@16..17 "\n"
