---
source: crates/panache-parser/tests/yaml.rs
expression: snapshot
---
case_id: 9FMG
input: "a:\n  b:\n    c: d\n  e:\n    f: g\nh: i\n"
diagnostics:

cst:
DOCUMENT@0..36
  YAML_METADATA_CONTENT@0..36
    YAML_BLOCK_MAP@0..36
      YAML_BLOCK_MAP_ENTRY@0..31
        YAML_BLOCK_MAP_KEY@0..2
          YAML_KEY@0..1 "a"
          YAML_COLON@1..2 ":"
        YAML_BLOCK_MAP_VALUE@2..31
          NEWLINE@2..3 "\n"
          YAML_BLOCK_MAP@3..31
            YAML_BLOCK_MAP_ENTRY@3..17
              YAML_BLOCK_MAP_KEY@3..7
                WHITESPACE@3..5 "  "
                YAML_KEY@5..6 "b"
                YAML_COLON@6..7 ":"
              YAML_BLOCK_MAP_VALUE@7..17
                NEWLINE@7..8 "\n"
                YAML_BLOCK_MAP@8..17
                  YAML_BLOCK_MAP_ENTRY@8..17
                    YAML_BLOCK_MAP_KEY@8..14
                      WHITESPACE@8..12 "    "
                      YAML_KEY@12..13 "c"
                      YAML_COLON@13..14 ":"
                    YAML_BLOCK_MAP_VALUE@14..16
                      WHITESPACE@14..15 " "
                      YAML_SCALAR@15..16 "d"
                    NEWLINE@16..17 "\n"
            YAML_BLOCK_MAP_ENTRY@17..31
              YAML_BLOCK_MAP_KEY@17..21
                WHITESPACE@17..19 "  "
                YAML_KEY@19..20 "e"
                YAML_COLON@20..21 ":"
              YAML_BLOCK_MAP_VALUE@21..31
                NEWLINE@21..22 "\n"
                YAML_BLOCK_MAP@22..31
                  YAML_BLOCK_MAP_ENTRY@22..31
                    YAML_BLOCK_MAP_KEY@22..28
                      WHITESPACE@22..26 "    "
                      YAML_KEY@26..27 "f"
                      YAML_COLON@27..28 ":"
                    YAML_BLOCK_MAP_VALUE@28..30
                      WHITESPACE@28..29 " "
                      YAML_SCALAR@29..30 "g"
                    NEWLINE@30..31 "\n"
      YAML_BLOCK_MAP_ENTRY@31..36
        YAML_BLOCK_MAP_KEY@31..33
          YAML_KEY@31..32 "h"
          YAML_COLON@32..33 ":"
        YAML_BLOCK_MAP_VALUE@33..35
          WHITESPACE@33..34 " "
          YAML_SCALAR@34..35 "i"
        NEWLINE@35..36 "\n"
