---
source: crates/panache-parser/tests/yaml.rs
expression: snapshot_json
---
{
  "case_id": "ZH7C",
  "cst": {
    "children": [
      {
        "children": [
          {
            "children": [
              {
                "children": [
                  {
                    "children": [
                      {
                        "kind": "YAML_KEY",
                        "range": {
                          "end": 4,
                          "start": 0
                        },
                        "text": "&a a"
                      },
                      {
                        "kind": "YAML_COLON",
                        "range": {
                          "end": 5,
                          "start": 4
                        },
                        "text": ":"
                      }
                    ],
                    "kind": "YAML_BLOCK_MAP_KEY",
                    "range": {
                      "end": 5,
                      "start": 0
                    }
                  },
                  {
                    "children": [
                      {
                        "kind": "WHITESPACE",
                        "range": {
                          "end": 6,
                          "start": 5
                        },
                        "text": " "
                      },
                      {
                        "kind": "YAML_SCALAR",
                        "range": {
                          "end": 7,
                          "start": 6
                        },
                        "text": "b"
                      }
                    ],
                    "kind": "YAML_BLOCK_MAP_VALUE",
                    "range": {
                      "end": 7,
                      "start": 5
                    }
                  },
                  {
                    "kind": "NEWLINE",
                    "range": {
                      "end": 8,
                      "start": 7
                    },
                    "text": "\n"
                  }
                ],
                "kind": "YAML_BLOCK_MAP_ENTRY",
                "range": {
                  "end": 8,
                  "start": 0
                }
              },
              {
                "children": [
                  {
                    "children": [
                      {
                        "kind": "YAML_KEY",
                        "range": {
                          "end": 9,
                          "start": 8
                        },
                        "text": "c"
                      },
                      {
                        "kind": "YAML_COLON",
                        "range": {
                          "end": 10,
                          "start": 9
                        },
                        "text": ":"
                      }
                    ],
                    "kind": "YAML_BLOCK_MAP_KEY",
                    "range": {
                      "end": 10,
                      "start": 8
                    }
                  },
                  {
                    "children": [
                      {
                        "kind": "WHITESPACE",
                        "range": {
                          "end": 11,
                          "start": 10
                        },
                        "text": " "
                      },
                      {
                        "kind": "YAML_SCALAR",
                        "range": {
                          "end": 15,
                          "start": 11
                        },
                        "text": "&d d"
                      }
                    ],
                    "kind": "YAML_BLOCK_MAP_VALUE",
                    "range": {
                      "end": 15,
                      "start": 10
                    }
                  },
                  {
                    "kind": "NEWLINE",
                    "range": {
                      "end": 16,
                      "start": 15
                    },
                    "text": "\n"
                  }
                ],
                "kind": "YAML_BLOCK_MAP_ENTRY",
                "range": {
                  "end": 16,
                  "start": 8
                }
              }
            ],
            "kind": "YAML_BLOCK_MAP",
            "range": {
              "end": 16,
              "start": 0
            }
          }
        ],
        "kind": "YAML_METADATA_CONTENT",
        "range": {
          "end": 16,
          "start": 0
        }
      }
    ],
    "kind": "DOCUMENT",
    "range": {
      "end": 16,
      "start": 0
    }
  },
  "diagnostics": [],
  "input": "&a a: b\nc: &d d\n"
}
