---
source: crates/panache-parser/tests/yaml.rs
expression: snapshot
---
case_id: 3R3P
input: "&sequence\n- a\n"
diagnostics:

cst:
DOCUMENT@0..14
  YAML_METADATA_CONTENT@0..14
    YAML_STREAM@0..14
      YAML_DOCUMENT@0..14
        YAML_SCALAR@0..9 "&sequence"
        NEWLINE@9..10 "\n"
        YAML_BLOCK_SEQUENCE@10..14
          YAML_BLOCK_SEQUENCE_ITEM@10..14
            YAML_BLOCK_SEQ_ENTRY@10..11 "-"
            WHITESPACE@11..12 " "
            YAML_SCALAR@12..13 "a"
            NEWLINE@13..14 "\n"
