---
source: crates/panache-parser/tests/yaml.rs
assertion_line: 245
expression: snapshot
---
case_id: G4RS
input: "unicode: \"Sosa did fine.\\u263A\"\ncontrol: \"\\b1998\\t1999\\t2000\\n\"\nhex esc: \"\\x0d\\x0a is \\r\\n\"\n\nsingle: '\"Howdy!\" he cried.'\nquoted: ' # Not a ''comment''.'\ntie-fighter: '|\\-*-/|'\n"
has_error_contract: false
parsed_mapping_tree: true
diagnostics: []
