---
source: crates/panache-parser/tests/yaml.rs
assertion_line: 246
expression: snapshot
---
case_id: 6HB6
input: "  # Leading comment line spaces are\n   # neither content nor indentation.\n    \nNot indented:\n By one space: |\n    By four\n      spaces\n Flow style: [    # Leading spaces\n   By two,        # in flow style\n  Also by two,    # are neither\n  \tStill by two   # content nor\n    ]             # indentation.\n"
has_error_contract: false
parsed_mapping_tree: true
diagnostics: []
