---
source: crates/panache-parser/tests/yaml.rs
assertion_line: 843
expression: snapshot
---
case_id: W9L4
input: "---\nblock scalar: |\n     \n  more spaces at the beginning\n  are invalid\n"
has_error_contract: true
parsed_mapping_tree: false
diagnostics: [YAML_LEX_ERROR:block scalar content indent smaller than leading blank line indent@26..56]
